
Olia@kot MINGW64 /d/Ольга/Тестирование/group_29_free/Git_test
$ git clone https://github.com/Olga-Igorevna/TXT.git
Cloning into 'TXT'...
remote: Enumerating objects: 3, done.
remote: Counting objects: 100% (3/3), done.
remote: Total 3 (delta 0), reused 0 (delta 0), pack-reused 0
Receiving objects: 100% (3/3), done.

Olia@kot MINGW64 /d/Ольга/Тестирование/group_29_free/Git_test
$ cd TXT

Olia@kot MINGW64 /d/Ольга/Тестирование/group_29_free/Git_test/TXT (main)
$ touch new.txt

Olia@kot MINGW64 /d/Ольга/Тестирование/group_29_free/Git_test/TXT (main)
$ git add new.txt

Olia@kot MINGW64 /d/Ольга/Тестирование/group_29_free/Git_test/TXT (main)
$ git commit -m "add"
[main fb0db8a] add
 1 file changed, 0 insertions(+), 0 deletions(-)
 create mode 100644 new.txt

Olia@kot MINGW64 /d/Ольга/Тестирование/group_29_free/Git_test/TXT (main)
$ git push
Enumerating objects: 4, done.
Counting objects: 100% (4/4), done.
Delta compression using up to 4 threads
Compressing objects: 100% (2/2), done.
Writing objects: 100% (3/3), 273 bytes | 273.00 KiB/s, done.
Total 3 (delta 0), reused 0 (delta 0), pack-reused 0
To https://github.com/Olga-Igorevna/TXT.git
   a36036b..fb0db8a  main -> main

Olia@kot MINGW64 /d/Ольга/Тестирование/group_29_free/Git_test/TXT (main)
$ vim new.txt

Olia@kot MINGW64 /d/Ольга/Тестирование/group_29_free/Git_test/TXT (main)
$ git commit -am "add some information"
warning: LF will be replaced by CRLF in new.txt.
The file will have its original line endings in your working directory
[main 2b741b0] add some information
 1 file changed, 4 insertions(+)

Olia@kot MINGW64 /d/Ольга/Тестирование/group_29_free/Git_test/TXT (main)
$ git push
Enumerating objects: 5, done.
Counting objects: 100% (5/5), done.
Delta compression using up to 4 threads
Compressing objects: 100% (3/3), done.
Writing objects: 100% (3/3), 354 bytes | 354.00 KiB/s, done.
Total 3 (delta 0), reused 0 (delta 0), pack-reused 0
To https://github.com/Olga-Igorevna/TXT.git
   fb0db8a..2b741b0  main -> main

Olia@kot MINGW64 /d/Ольга/Тестирование/group_29_free/Git_test/TXT (main)
$ touch preferences.txt

Olia@kot MINGW64 /d/Ольга/Тестирование/group_29_free/Git_test/TXT (main)
$ vim preferences.txt

Olia@kot MINGW64 /d/Ольга/Тестирование/group_29_free/Git_test/TXT (main)
$ touch skills.txt

Olia@kot MINGW64 /d/Ольга/Тестирование/group_29_free/Git_test/TXT (main)
$ vim skills.txt

Olia@kot MINGW64 /d/Ольга/Тестирование/group_29_free/Git_test/TXT (main)
$ git add .
warning: LF will be replaced by CRLF in preferences.txt.
The file will have its original line endings in your working directory
warning: LF will be replaced by CRLF in skills.txt.
The file will have its original line endings in your working directory

Olia@kot MINGW64 /d/Ольга/Тестирование/group_29_free/Git_test/TXT (main)
$ git commit -m "create"
[main 7882575] create
 2 files changed, 31 insertions(+)
 create mode 100644 preferences.txt
 create mode 100644 skills.txt

Olia@kot MINGW64 /d/Ольга/Тестирование/group_29_free/Git_test/TXT (main)
$ git push
Enumerating objects: 5, done.
Counting objects: 100% (5/5), done.
Delta compression using up to 4 threads
Compressing objects: 100% (4/4), done.
Writing objects: 100% (4/4), 1.22 KiB | 1.22 MiB/s, done.
Total 4 (delta 0), reused 0 (delta 0), pack-reused 0
To https://github.com/Olga-Igorevna/TXT.git
   2b741b0..7882575  main -> main

Olia@kot MINGW64 /d/Ольга/Тестирование/group_29_free/Git_test/TXT (main)
$ git pull
remote: Enumerating objects: 7, done.
remote: Counting objects: 100% (7/7), done.
remote: Compressing objects: 100% (6/6), done.
remote: Total 6 (delta 3), reused 0 (delta 0), pack-reused 0
Unpacking objects: 100% (6/6), 1.90 KiB | 35.00 KiB/s, done.
From https://github.com/Olga-Igorevna/TXT
   7882575..f1cf2a2  main       -> origin/main
Updating 7882575..f1cf2a2
Fast-forward
 bug_report.txt | 19 +++++++++++++++++++
 1 file changed, 19 insertions(+)
 create mode 100644 bug_report.txt

Olia@kot MINGW64 /d/Ольга/Тестирование/group_29_free/Git_test/TXT (main)
$
